 Network rustdesk-check-7bf44876225c_default Creating 
 Network rustdesk-check-7bf44876225c_default Creating 
 Volume rustdesk-check-7bf44876225c_rustdesk-data Creating 
 Volume rustdesk-check-7bf44876225c_rustdesk-data Creating 
 Volume rustdesk-check-7bf44876225c_rustdesk-data Created 
 Volume rustdesk-check-7bf44876225c_rustdesk-data Created 
 Network rustdesk-check-7bf44876225c_default Created 
 Network rustdesk-check-7bf44876225c_default Created 
 Container rustdesk-check-7bf44876225c-init-1 Creating 
 Container rustdesk-check-7bf44876225c-init-1 Created 
 Container rustdesk-check-7bf44876225c-rustdesk-api-1 Creating 
 Container rustdesk-check-7bf44876225c-hbbs-1 Creating 
 Container rustdesk-check-7bf44876225c-hbbr-1 Creating 
 Container rustdesk-check-7bf44876225c-hbbr-1 Created 
 Container rustdesk-check-7bf44876225c-hbbs-1 Created 
 Container rustdesk-check-7bf44876225c-rustdesk-api-1 Created 
 Container rustdesk-check-7bf44876225c-init-1 Starting 
 Container rustdesk-check-7bf44876225c-init-1 Started 
 Container rustdesk-check-7bf44876225c-init-1 Waiting 
 Container rustdesk-check-7bf44876225c-init-1 Waiting 
 Container rustdesk-check-7bf44876225c-init-1 Waiting 
 Container rustdesk-check-7bf44876225c-init-1 Exited 
 Container rustdesk-check-7bf44876225c-init-1 Exited 
 Container rustdesk-check-7bf44876225c-hbbs-1 Starting 
 Container rustdesk-check-7bf44876225c-rustdesk-api-1 Starting 
 Container rustdesk-check-7bf44876225c-init-1 Exited 
 Container rustdesk-check-7bf44876225c-hbbr-1 Starting 
 Container rustdesk-check-7bf44876225c-hbbs-1 Started 
 Container rustdesk-check-7bf44876225c-rustdesk-api-1 Started 
 Container rustdesk-check-7bf44876225c-hbbr-1 Started 
 Container rustdesk-check-7bf44876225c-init-1 Waiting 
 Container rustdesk-check-7bf44876225c-hbbs-1 Waiting 
 Container rustdesk-check-7bf44876225c-hbbr-1 Waiting 
 Container rustdesk-check-7bf44876225c-rustdesk-api-1 Waiting 
 Container rustdesk-check-7bf44876225c-init-1 Exited 
 Container rustdesk-check-7bf44876225c-rustdesk-api-1 Healthy 
 Container rustdesk-check-7bf44876225c-hbbs-1 Healthy 
 Container rustdesk-check-7bf44876225c-hbbr-1 Healthy 
 Container rustdesk-check-7bf44876225c-hbbs-1 Restarting 
 Container rustdesk-check-7bf44876225c-hbbr-1 Restarting 
 Container rustdesk-check-7bf44876225c-rustdesk-api-1 Restarting 
 Container rustdesk-check-7bf44876225c-hbbs-1 Started 
 Container rustdesk-check-7bf44876225c-hbbr-1 Started 
 Container rustdesk-check-7bf44876225c-rustdesk-api-1 Started 
bfd0ace410cd561b890db4667f7ca153dc264d95fc71e9d1d788b34340ebd55b
09a86af0a91618ebed7e00a84e86029d6f813656410353fa3a85990a6f7a04fb
be592e17dc672070b713220fe41e51ee6f62cac3506b0e4d459514344f1ce8eb
rustdesk-check-7bf44876225c-core-only
Traceback (most recent call last):
  File "/home/glory/Software/rustdesk-server/tests/deployment/run.py", line 134, in main
    run(args.kind, 'create', 'cluster', '--name', project, '--image', 'kindest/node:v1.34.0', '--kubeconfig', str(tmp / 'kubeconfig'), '--wait', '120s')
  File "/home/glory/Software/rustdesk-server/tests/deployment/run.py", line 18, in run
    return subprocess.run(args, cwd=ROOT, check=check, text=True,
           ^^^^^^^^^^^^^^^^^^^^^^^^^^^^^^^^^^^^^^^^^^^^^^^^^^^^^^
  File "/usr/lib/python3.12/subprocess.py", line 548, in run
    with Popen(*popenargs, **kwargs) as process:
         ^^^^^^^^^^^^^^^^^^^^^^^^^^^
  File "/usr/lib/python3.12/subprocess.py", line 1026, in __init__
    self._execute_child(args, executable, preexec_fn, close_fds,
  File "/usr/lib/python3.12/subprocess.py", line 1955, in _execute_child
    raise child_exception_type(errno_num, err_msg, err_filename)
FileNotFoundError: [Errno 2] No such file or directory: '/tmp/rustdesk-tools/kind'

During handling of the above exception, another exception occurred:

Traceback (most recent call last):
  File "/home/glory/Software/rustdesk-server/tests/deployment/run.py", line 186, in <module>
    main()
  File "/home/glory/Software/rustdesk-server/tests/deployment/run.py", line 177, in main
    run(args.kind, 'delete', 'cluster', '--name', project, check=False)
  File "/home/glory/Software/rustdesk-server/tests/deployment/run.py", line 18, in run
    return subprocess.run(args, cwd=ROOT, check=check, text=True,
           ^^^^^^^^^^^^^^^^^^^^^^^^^^^^^^^^^^^^^^^^^^^^^^^^^^^^^^
  File "/usr/lib/python3.12/subprocess.py", line 548, in run
    with Popen(*popenargs, **kwargs) as process:
         ^^^^^^^^^^^^^^^^^^^^^^^^^^^
  File "/usr/lib/python3.12/subprocess.py", line 1026, in __init__
    self._execute_child(args, executable, preexec_fn, close_fds,
  File "/usr/lib/python3.12/subprocess.py", line 1955, in _execute_child
    raise child_exception_type(errno_num, err_msg, err_filename)
FileNotFoundError: [Errno 2] No such file or directory: '/tmp/rustdesk-tools/kind'
