   Compiling hbbs v1.1.17 (/home/glory/Software/rustdesk-server)
warning: variable does not need to be mutable
    --> src/rendezvous_server.rs:1085:25
     |
1085 |                     let mut start = arg.and_then(|x| x.parse::<usize>().ok()).unwrap_or(0);
     |                         ----^^^^^
     |                         |
     |                         help: remove this `mut`
     |
     = note: `#[warn(unused_mut)]` (part of `#[warn(unused)]`) on by default

warning: unused variable: `key`
   --> src/rendezvous_server.rs:352:9
    |
352 |         key: &str,
    |         ^^^ help: if this is intentional, prefix it with an underscore: `_key`
    |
    = note: `#[warn(unused_variables)]` (part of `#[warn(unused)]`) on by default

warning: unused variable: `ph`
   --> src/rendezvous_server.rs:463:66
    |
463 |                 Some(rendezvous_message::Union::PunchHoleRequest(ph)) => {
    |                                                                  ^^ help: if this is intentional, prefix it with an underscore: `_ph`

warning: unused variable: `phs`
   --> src/rendezvous_server.rs:467:63
    |
467 |                 Some(rendezvous_message::Union::PunchHoleSent(phs)) => {
    |                                                               ^^^ help: if this is intentional, prefix it with an underscore: `_phs`

warning: unused variable: `la`
   --> src/rendezvous_server.rs:470:59
    |
470 |                 Some(rendezvous_message::Union::LocalAddr(la)) => {
    |                                                           ^^ help: if this is intentional, prefix it with an underscore: `_la`

warning: method `handle_udp_punch_hole_request` is never used
   --> src/rendezvous_server.rs:903:14
    |
101 | impl RendezvousServer {
    | --------------------- method in this implementation
...
903 |     async fn handle_udp_punch_hole_request(
    |              ^^^^^^^^^^^^^^^^^^^^^^^^^^^^^
    |
    = note: `#[warn(dead_code)]` (part of `#[warn(unused)]`) on by default

warning: type alias `UserStatusMap` is never used
  --> src/peer.rs:14:6
   |
14 | type UserStatusMap = HashMap<Vec<u8>, Arc<(Option<Vec<u8>>, bool)>>;
   |      ^^^^^^^^^^^^^

warning: method `is_in_memory` is never used
   --> src/peer.rs:191:25
    |
 69 | impl PeerMap {
    | ------------ method in this implementation
...
191 |     pub(crate) async fn is_in_memory(&self, id: &str) -> bool {
    |                         ^^^^^^^^^^^^

warning: `hbbs` (lib) generated 8 warnings (run `cargo fix --lib -p hbbs` to apply 5 suggestions)
warning: function `check_software_update` is never used
   --> src/common.rs:282:8
    |
282 | pub fn check_software_update() {
    |        ^^^^^^^^^^^^^^^^^^^^^
    |
    = note: `#[warn(dead_code)]` (part of `#[warn(unused)]`) on by default

warning: function `check_software_update_` is never used
   --> src/common.rs:291:10
    |
291 | async fn check_software_update_() -> hbb_common::ResultType<()> {
    |          ^^^^^^^^^^^^^^^^^^^^^^

warning: `hbbs` (bin "hbbr") generated 2 warnings
    Finished `test` profile [unoptimized + debuginfo] target(s) in 8.49s
     Running tests/address_book_edits.rs (/tmp/rustdesk-review-target/debug/deps/address_book_edits-f56c09b56f343928)

running 16 tests
test damaged_tag_colors_are_reported_and_never_replaced_with_empty_data ... ok
test failed_snapshot_write_rolls_back_structured_entry_update ... ok
test tag_rename_and_delete_update_only_the_related_colors_and_peer_references ... ok
test failed_delete_snapshot_write_rolls_back_index_deletion ... ok
test legacy_tag_color_map_is_a_json_string_and_preserves_all_argb_values_across_edits ... ok
test explicit_empty_fields_clear_only_requested_values_and_reads_preserve_extensions ... ok
test relay_string_and_boolean_inputs_round_trip_to_official_strings_and_web_booleans ... ok
test changing_peer_id_keeps_entry_identity_and_saved_fields_and_allows_partial_edit_by_entry_id ... ok
test tag_rename_conflicts_and_failed_persistence_leave_colors_and_indexes_unchanged ... ok
test invalid_relay_values_never_silently_become_false_or_modify_the_book ... ok
test partial_edits_preserve_saved_connection_and_unknown_fields ... ok
test snapshot_only_entry_can_be_deleted_from_both_read_paths_and_repeated_delete_is_explicit ... ok
test identical_imported_peer_ids_in_different_accounts_have_independent_edits ... ok
test deleting_own_snapshot_peer_does_not_delete_another_accounts_identical_peer ... ok
test duplicate_target_and_foreign_entry_identity_cannot_change_address_book_data ... ok
test stable_entry_delete_wins_over_another_peers_id_for_both_web_routes_and_orders ... ok

test result: ok. 16 passed; 0 failed; 0 ignored; 0 measured; 0 filtered out; finished in 10.27s

