warning: variable does not need to be mutable
    --> src/rendezvous_server.rs:1085:25
     |
1085 |                     let mut start = arg.and_then(|x| x.parse::<usize>().ok()).unwrap_or(0);
     |                         ----^^^^^
     |                         |
     |                         help: remove this `mut`
     |
     = note: `#[warn(unused_mut)]` (part of `#[warn(unused)]`) on by default

warning: unused variable: `key`
   --> src/rendezvous_server.rs:352:9
    |
352 |         key: &str,
    |         ^^^ help: if this is intentional, prefix it with an underscore: `_key`
    |
    = note: `#[warn(unused_variables)]` (part of `#[warn(unused)]`) on by default

warning: unused variable: `ph`
   --> src/rendezvous_server.rs:463:66
    |
463 |                 Some(rendezvous_message::Union::PunchHoleRequest(ph)) => {
    |                                                                  ^^ help: if this is intentional, prefix it with an underscore: `_ph`

warning: unused variable: `phs`
   --> src/rendezvous_server.rs:467:63
    |
467 |                 Some(rendezvous_message::Union::PunchHoleSent(phs)) => {
    |                                                               ^^^ help: if this is intentional, prefix it with an underscore: `_phs`

warning: unused variable: `la`
   --> src/rendezvous_server.rs:470:59
    |
470 |                 Some(rendezvous_message::Union::LocalAddr(la)) => {
    |                                                           ^^ help: if this is intentional, prefix it with an underscore: `_la`

warning: method `handle_udp_punch_hole_request` is never used
   --> src/rendezvous_server.rs:903:14
    |
101 | impl RendezvousServer {
    | --------------------- method in this implementation
...
903 |     async fn handle_udp_punch_hole_request(
    |              ^^^^^^^^^^^^^^^^^^^^^^^^^^^^^
    |
    = note: `#[warn(dead_code)]` (part of `#[warn(unused)]`) on by default

warning: type alias `UserStatusMap` is never used
  --> src/peer.rs:14:6
   |
14 | type UserStatusMap = HashMap<Vec<u8>, Arc<(Option<Vec<u8>>, bool)>>;
   |      ^^^^^^^^^^^^^

warning: method `is_in_memory` is never used
   --> src/peer.rs:191:25
    |
 69 | impl PeerMap {
    | ------------ method in this implementation
...
191 |     pub(crate) async fn is_in_memory(&self, id: &str) -> bool {
    |                         ^^^^^^^^^^^^

warning: `hbbs` (lib) generated 8 warnings (run `cargo fix --lib -p hbbs` to apply 5 suggestions)
   Compiling hbbs v1.1.17 (/home/glory/Software/rustdesk-server)
warning: function `check_software_update` is never used
   --> src/common.rs:282:8
    |
282 | pub fn check_software_update() {
    |        ^^^^^^^^^^^^^^^^^^^^^
    |
    = note: `#[warn(dead_code)]` (part of `#[warn(unused)]`) on by default

warning: function `check_software_update_` is never used
   --> src/common.rs:291:10
    |
291 | async fn check_software_update_() -> hbb_common::ResultType<()> {
    |          ^^^^^^^^^^^^^^^^^^^^^^

warning: `hbbs` (bin "hbbr") generated 2 warnings
    Finished `test` profile [unoptimized + debuginfo] target(s) in 1.19s
     Running tests/device_dto.rs (/tmp/rustdesk-review-target/debug/deps/device_dto-53678b8692bc87b5)

running 7 tests
test reported_device_name_is_searchable_after_administrator_binding ... ok
test official_peers_return_rustdesk_id_instead_of_internal_primary_key ... ok
test official_peer_payload_parses_information_object_and_preserves_management_status ... ok
test management_primary_keys_and_existing_group_memberships_remain_stable ... ok
test damaged_historical_info_has_explicit_error_and_safe_object_fallback_without_rewriting_data ... ok
test name_search_uses_the_merged_display_value_even_with_nulls_or_damaged_historical_json ... ok
test other_users_and_pending_links_do_not_leak_into_official_peer_lists ... ok

test result: ok. 7 passed; 0 failed; 0 ignored; 0 measured; 0 filtered out; finished in 5.70s

     Running tests/list_pagination.rs (/tmp/rustdesk-review-target/debug/deps/list_pagination-d6c6526bb8dfc810)

running 4 tests
test official_lists_include_total_for_native_pagination ... ok
test invalid_parameters_are_explicit_errors ... ok
test totals_apply_authorization_status_and_literal_name_filters_first ... ok
test boundary_counts_default_pages_and_stable_order_match_the_official_loop ... ok

test result: ok. 4 passed; 0 failed; 0 ignored; 0 measured; 0 filtered out; finished in 8.59s

