#0 building with "default" instance using docker driver

#1 [internal] load build definition from Dockerfile
#1 transferring dockerfile: 2.68kB done
#1 DONE 0.0s

#2 resolve image config for docker-image://docker.io/docker/dockerfile:1
#2 DONE 3.1s

#3 docker-image://docker.io/docker/dockerfile:1@sha256:4edf897a3ffa55b89f906fc8cc78afdb3f1834cc9c7083565e611a8a7d5fe99e
#3 resolve docker.io/docker/dockerfile:1@sha256:4edf897a3ffa55b89f906fc8cc78afdb3f1834cc9c7083565e611a8a7d5fe99e 0.0s done
#3 CACHED

#4 [internal] load metadata for docker.io/library/debian:bookworm-slim
#4 DONE 2.4s

#5 [internal] load metadata for docker.io/library/node:24.9.0-bookworm-slim
#5 ...

#6 [internal] load metadata for docker.io/library/rust:1.98.0-bookworm
#6 DONE 2.5s

#5 [internal] load metadata for docker.io/library/node:24.9.0-bookworm-slim
#5 DONE 3.1s

#7 [internal] load .dockerignore
#7 transferring context: 330B done
#7 DONE 0.0s

#8 [web-build 1/7] FROM docker.io/library/node:24.9.0-bookworm-slim@sha256:3e69116c924bfcba6c6979aff60d966c37aef56d488ce091c69d442ebec9f103
#8 resolve docker.io/library/node:24.9.0-bookworm-slim@sha256:3e69116c924bfcba6c6979aff60d966c37aef56d488ce091c69d442ebec9f103 0.0s done
#8 DONE 0.0s

#9 [rust-build 1/8] FROM docker.io/library/rust:1.98.0-bookworm@sha256:82150a52ec202c1b14d7817e14516c392bb7f5cfebd88f1ed531cb37ebd39922
#9 resolve docker.io/library/rust:1.98.0-bookworm@sha256:82150a52ec202c1b14d7817e14516c392bb7f5cfebd88f1ed531cb37ebd39922 0.0s done
#9 DONE 0.0s

#10 [runtime 1/6] FROM docker.io/library/debian:bookworm-slim@sha256:3783cc01769c7b2b1b83a5c5ad96c815348e28ed7da68e2e3687004faa906251
#10 resolve docker.io/library/debian:bookworm-slim@sha256:3783cc01769c7b2b1b83a5c5ad96c815348e28ed7da68e2e3687004faa906251 0.0s done
#10 DONE 0.0s

#11 [internal] load build context
#11 transferring context: 61.17kB done
#11 DONE 0.0s

#12 [rust-build 3/8] WORKDIR /source
#12 CACHED

#13 [rust-build 4/8] COPY Cargo.toml Cargo.lock build.rs ./
#13 CACHED

#14 [rust-build 5/8] COPY libs/hbb_common ./libs/hbb_common
#14 CACHED

#15 [rust-build 2/8] RUN apt-get update && apt-get install -y --no-install-recommends pkg-config libssl-dev libclang-dev cmake && rm -rf /var/lib/apt/lists/*
#15 CACHED

#16 [rust-build 6/8] COPY vendor ./vendor
#16 CACHED

#17 [rust-build 7/8] COPY src ./src
#17 DONE 0.0s

#18 [rust-build 8/8] RUN --mount=type=cache,target=/usr/local/cargo/registry --mount=type=cache,target=/usr/local/cargo/git --mount=type=cache,target=/source/target     set -eu; touch build.rs; cargo build --locked --profile "release" --bin hbbs --bin hbbr --bin rustdesk-api --bin rustdesk-utils;     mkdir /binaries; case "release" in dev) profile_dir=debug ;; *) profile_dir="release" ;; esac;     cp "/source/target/$profile_dir/hbbs" "/source/target/$profile_dir/hbbr" "/source/target/$profile_dir/rustdesk-api" "/source/target/$profile_dir/rustdesk-utils" /binaries/
#18 1.171 warning: direct cast of function item into an integer
#18 1.171   --> libs/hbb_common/src/platform/mod.rs:80:62
#18 1.171    |
#18 1.171 80 |         libc::signal(libc::SIGSEGV, breakdown_signal_handler as _);
#18 1.171    |                                                              ^^^^
#18 1.171    |
#18 1.171    = note: `#[warn(function_casts_as_integer)]` on by default
#18 1.171 help: first cast to a pointer `as *const ()`
#18 1.171    |
#18 1.171 80 |         libc::signal(libc::SIGSEGV, breakdown_signal_handler as *const () as _);
#18 1.171    |                                                              ++++++++++++
#18 1.171 
#18 1.172 warning: `hbb_common` (lib) generated 1 warning (run `cargo fix --lib -p hbb_common` to apply 1 suggestion)
#18 1.178    Compiling hbbs v1.1.17 (/source)
#18 1.188 warning: `hbb_common` (lib) generated 1 warning (1 duplicate)
#18 3.971 warning: variable does not need to be mutable
#18 3.971     --> src/rendezvous_server.rs:1089:25
#18 3.971      |
#18 3.971 1089 |                     let mut start = arg.and_then(|x| x.parse::<usize>().ok()).unwrap_or(0);
#18 3.971      |                         ----^^^^^
#18 3.971      |                         |
#18 3.971      |                         help: remove this `mut`
#18 3.971      |
#18 3.971      = note: `#[warn(unused_mut)]` (part of `#[warn(unused)]`) on by default
#18 3.971 
#18 5.091 warning: unused variable: `key`
#18 5.091    --> src/rendezvous_server.rs:352:9
#18 5.091     |
#18 5.091 352 |         key: &str,
#18 5.091     |         ^^^ help: if this is intentional, prefix it with an underscore: `_key`
#18 5.091     |
#18 5.091     = note: `#[warn(unused_variables)]` (part of `#[warn(unused)]`) on by default
#18 5.091 
#18 5.091 warning: unused variable: `ph`
#18 5.091    --> src/rendezvous_server.rs:463:66
#18 5.091     |
#18 5.091 463 |                 Some(rendezvous_message::Union::PunchHoleRequest(ph)) => {
#18 5.091     |                                                                  ^^ help: if this is intentional, prefix it with an underscore: `_ph`
#18 5.091 
#18 5.091 warning: unused variable: `phs`
#18 5.091    --> src/rendezvous_server.rs:467:63
#18 5.091     |
#18 5.091 467 |                 Some(rendezvous_message::Union::PunchHoleSent(phs)) => {
#18 5.091     |                                                               ^^^ help: if this is intentional, prefix it with an underscore: `_phs`
#18 5.091 
#18 5.091 warning: unused variable: `la`
#18 5.091    --> src/rendezvous_server.rs:470:59
#18 5.091     |
#18 5.091 470 |                 Some(rendezvous_message::Union::LocalAddr(la)) => {
#18 5.091     |                                                           ^^ help: if this is intentional, prefix it with an underscore: `_la`
#18 5.091 
#18 5.755 warning: method `handle_udp_punch_hole_request` is never used
#18 5.755    --> src/rendezvous_server.rs:907:14
#18 5.755     |
#18 5.755 101 | impl RendezvousServer {
#18 5.755     | --------------------- method in this implementation
#18 5.755 ...
#18 5.755 907 |     async fn handle_udp_punch_hole_request(
#18 5.755     |              ^^^^^^^^^^^^^^^^^^^^^^^^^^^^^
#18 5.755     |
#18 5.755     = note: `#[warn(dead_code)]` (part of `#[warn(unused)]`) on by default
#18 5.755 
#18 5.755 warning: type alias `UserStatusMap` is never used
#18 5.755   --> src/peer.rs:14:6
#18 5.755    |
#18 5.755 14 | type UserStatusMap = HashMap<Vec<u8>, Arc<(Option<Vec<u8>>, bool)>>;
#18 5.755    |      ^^^^^^^^^^^^^
#18 5.755 
#18 5.755 warning: method `is_in_memory` is never used
#18 5.755    --> src/peer.rs:191:25
#18 5.755     |
#18 5.755  69 | impl PeerMap {
#18 5.755     | ------------ method in this implementation
#18 5.755 ...
#18 5.755 191 |     pub(crate) async fn is_in_memory(&self, id: &str) -> bool {
#18 5.755     |                         ^^^^^^^^^^^^
#18 5.755 
#18 23.24 warning: `hbbs` (lib) generated 8 warnings (run `cargo fix --lib -p hbbs` to apply 5 suggestions)
#18 23.81 warning: function `check_software_update` is never used
#18 23.81    --> src/common.rs:282:8
#18 23.81     |
#18 23.81 282 | pub fn check_software_update() {
#18 23.81     |        ^^^^^^^^^^^^^^^^^^^^^
#18 23.81     |
#18 23.81     = note: `#[warn(dead_code)]` (part of `#[warn(unused)]`) on by default
#18 23.81 
#18 23.81 warning: function `check_software_update_` is never used
#18 23.81    --> src/common.rs:291:10
#18 23.81     |
#18 23.81 291 | async fn check_software_update_() -> hbb_common::ResultType<()> {
#18 23.81     |          ^^^^^^^^^^^^^^^^^^^^^^
#18 23.81 
#18 47.58 warning: `hbbs` (bin "hbbr") generated 2 warnings
#18 71.10     Finished `release` profile [optimized] target(s) in 1m 10s
#18 DONE 71.2s

#19 [web-build 4/7] RUN npm ci
#19 CACHED

#20 [web-build 5/7] COPY web/index.html web/vite.config.js ./
#20 CACHED

#21 [web-build 6/7] COPY web/src ./src
#21 CACHED

#22 [web-build 2/7] WORKDIR /source/web
#22 CACHED

#23 [web-build 3/7] COPY web/package.json web/package-lock.json ./
#23 CACHED

#24 [runtime 2/6] RUN apt-get update && apt-get install -y --no-install-recommends ca-certificates libgcc-s1 libssl3 libstdc++6 curl util-linux netcat-openbsd && rm -rf /var/lib/apt/lists/* &&     mkdir /data && chown 10001:10001 /data
#24 CACHED

#25 [web-build 7/7] RUN npm run build
#25 CACHED

#26 [runtime 3/6] COPY --from=rust-build /binaries/ /usr/bin/
#26 DONE 0.1s

#27 [runtime 4/6] COPY --from=web-build /source/web/dist/ /usr/share/rustdesk-api-web/
#27 DONE 0.0s

#28 [runtime 5/6] COPY --chmod=755 docker/entrypoint.sh /usr/local/bin/rustdesk-entrypoint
#28 DONE 0.0s

#29 [runtime 6/6] WORKDIR /data
#29 DONE 0.0s

#30 exporting to image
#30 exporting layers
#30 exporting layers 0.9s done
#30 exporting manifest sha256:b646bdd76d766743d0a17f34b3ba9c727b0f5632ca45f53a59cc5e8007506ae1 0.0s done
#30 exporting config sha256:f1eec3284c76dc1a2d666f143899cd700c0c03e9b1dc873b176fc1f2bb240260 0.0s done
#30 naming to docker.io/rustdesk-goal/server:01a0f549 done
#30 unpacking to docker.io/rustdesk-goal/server:01a0f549
#30 unpacking to docker.io/rustdesk-goal/server:01a0f549 0.2s done
#30 DONE 1.1s
