   Compiling atty v0.2.14 (/home/glory/Software/rustdesk-server/vendor/atty-compat)
   Compiling hbb_common v0.1.0 (/home/glory/Software/rustdesk-server/libs/hbb_common)
   Compiling users v0.11.0 (/home/glory/Software/rustdesk-server/vendor/users-compat)
   Compiling clap v2.34.0
   Compiling env_logger v0.9.0
   Compiling flexi_logger v0.22.3
   Compiling bindgen v0.59.2
   Compiling machine-uid v0.3.0 (https://github.com/rustdesk-org/machine-uid#381ff579)
   Compiling hbbs v1.1.17 (/home/glory/Software/rustdesk-server)
warning: variable does not need to be mutable
    --> src/rendezvous_server.rs:1085:25
     |
1085 |                     let mut start = arg.and_then(|x| x.parse::<usize>().ok()).unwrap_or(0);
     |                         ----^^^^^
     |                         |
     |                         help: remove this `mut`
     |
     = note: `#[warn(unused_mut)]` (part of `#[warn(unused)]`) on by default

warning: unused variable: `key`
   --> src/rendezvous_server.rs:352:9
    |
352 |         key: &str,
    |         ^^^ help: if this is intentional, prefix it with an underscore: `_key`
    |
    = note: `#[warn(unused_variables)]` (part of `#[warn(unused)]`) on by default

warning: unused variable: `ph`
   --> src/rendezvous_server.rs:463:66
    |
463 |                 Some(rendezvous_message::Union::PunchHoleRequest(ph)) => {
    |                                                                  ^^ help: if this is intentional, prefix it with an underscore: `_ph`

warning: unused variable: `phs`
   --> src/rendezvous_server.rs:467:63
    |
467 |                 Some(rendezvous_message::Union::PunchHoleSent(phs)) => {
    |                                                               ^^^ help: if this is intentional, prefix it with an underscore: `_phs`

warning: unused variable: `la`
   --> src/rendezvous_server.rs:470:59
    |
470 |                 Some(rendezvous_message::Union::LocalAddr(la)) => {
    |                                                           ^^ help: if this is intentional, prefix it with an underscore: `_la`

warning: method `handle_udp_punch_hole_request` is never used
   --> src/rendezvous_server.rs:903:14
    |
101 | impl RendezvousServer {
    | --------------------- method in this implementation
...
903 |     async fn handle_udp_punch_hole_request(
    |              ^^^^^^^^^^^^^^^^^^^^^^^^^^^^^
    |
    = note: `#[warn(dead_code)]` (part of `#[warn(unused)]`) on by default

warning: type alias `UserStatusMap` is never used
  --> src/peer.rs:14:6
   |
14 | type UserStatusMap = HashMap<Vec<u8>, Arc<(Option<Vec<u8>>, bool)>>;
   |      ^^^^^^^^^^^^^

warning: method `is_in_memory` is never used
   --> src/peer.rs:191:25
    |
 69 | impl PeerMap {
    | ------------ method in this implementation
...
191 |     pub(crate) async fn is_in_memory(&self, id: &str) -> bool {
    |                         ^^^^^^^^^^^^

warning: `hbbs` (lib) generated 8 warnings (run `cargo fix --lib -p hbbs` to apply 5 suggestions)
warning: function `check_software_update` is never used
   --> src/common.rs:282:8
    |
282 | pub fn check_software_update() {
    |        ^^^^^^^^^^^^^^^^^^^^^
    |
    = note: `#[warn(dead_code)]` (part of `#[warn(unused)]`) on by default

warning: function `check_software_update_` is never used
   --> src/common.rs:291:10
    |
291 | async fn check_software_update_() -> hbb_common::ResultType<()> {
    |          ^^^^^^^^^^^^^^^^^^^^^^

warning: `hbbs` (bin "hbbr") generated 2 warnings
    Finished `test` profile [unoptimized + debuginfo] target(s) in 22.92s
     Running tests/secure_rendezvous.rs (/tmp/rustdesk-review-target/debug/deps/secure_rendezvous-b383e0cc400c36db)

running 1 test
test authenticated_native_client_can_secure_rendezvous_and_plain_clients_still_work ... FAILED

failures:

---- authenticated_native_client_can_secure_rendezvous_and_plain_clients_still_work stdout ----

thread 'authenticated_native_client_can_secure_rendezvous_and_plain_clients_still_work' (3713583) panicked at tests/secure_rendezvous.rs:15:49:
server must offer signed key exchange before native client sends its token
note: run with `RUST_BACKTRACE=1` environment variable to display a backtrace


failures:
    authenticated_native_client_can_secure_rendezvous_and_plain_clients_still_work

test result: FAILED. 0 passed; 1 failed; 0 ignored; 0 measured; 0 filtered out; finished in 2.27s

error: test failed, to rerun pass `--test secure_rendezvous`
